admin:ThmbShxAtJepX80c2JY1FzOEmUk=
123456:fEqNCco3Yq9h5ZUglD3CZJT4lBs=
